> ExData_Plotting4
> Plotting Assignment 4 for Exploratory Data Analysis
>
># read data
 
> household_power_consumption <- read.csv("C:/Users/Milan Mcgraw/Desktop/Coursera/exdata-data-household_power_consumption/household_power_consumption.txt", sep=";")
> View(household_power_consumption)
 
 
 library(timeDate)
> 
> # pull household_power_consumption from 2007-02-01 to 2007-02-02
> household_power_consumption$Date=as.character(household_power_consumption$Date)
> household_power_consumption.new=subset(household_power_consumption, Date=="1/2/2007" | Date=="2/2/2007")
> 
> # convert dd/mm/yyyy to yyyy/mm/dd
> household_power_consumption.new$Date=as.Date(household_power_consumption.new[,1], "%d/%m/%Y")
> household_power_consumption.new$DateTime=paste(household_power_consumption.new[,1], household_power_consumption.new[,2], sep=" ")
> household_power_consumption.new$DateTime=timeDate(household_power_consumption.new$DateTime)
> 
> # define y values as numeric
> household_power_consumption.new$Global_active_power=as.numeric(as.character(household_power_consumption.new$Global_active_power))
> household_power_consumption.new$Voltage=as.numeric(as.character(household_power_consumption.new$Voltage))
> household_power_consumption.new$Sub_metering_1=as.numeric(as.character(household_power_consumption.new$Sub_metering_1))
> household_power_consumption.new$Sub_metering_2=as.numeric(as.character(household_power_consumption.new$Sub_metering_2))
> household_power_consumption.new$Sub_metering_3=as.numeric(as.character(household_power_consumption.new$Sub_metering_3))
> household_power_consumption.new$Global_reactive_power=as.numeric(as.character(household_power_consumption.new$Global_reactive_power))
> 
> # plot xy-plots
> par(mfrow=c(2,2))
> 
> with(household_power_consumption.new, plot(DateTime, Global_active_power, col="black", type="l",
+                     xlab="",
+                     ylab="Global Active Power",
+                     ylim=range(0,7.5,2)))
> 
> 
> with(household_power_consumption.new, plot(DateTime, Voltage, col="black", type="l",
+                     xlab="datetime",
+                     ylab="Voltage",
+                     ylim=range(233.5,246)))
> 
> 
> with(household_power_consumption.new, plot(DateTime, Sub_metering_1, col="black", type="l",
+                     xlab="",
+                     ylab="Energy sub metering",
+                     ylim=range(0,38,4)))
> par(new=T)
> with(household_power_consumption.new, plot(DateTime, Sub_metering_2, col="red", type="l",
+                     xlab="",
+                     ylab="Energy sub metering",
+                     ylim=range(0,38,4)))
> par(new=T)
> with(data.new, plot(DateTime, Sub_metering_3, col="blue", type="l",
+                     xlab="",
+                     ylab="Energy sub metering",
+                     ylim=range(0,38,4)))
Error in with(data.new, plot(DateTime, Sub_metering_3, col = "blue", type = "l",  : 
  object 'data.new' not found
> legend("topright", lty=1, col=c("black","red", "blue"), 
+        legend=c("Sub_metering_1", "Sub_metering_2", "Sub_metering_3"),bty="n", cex=0.8)
> 
> 
> with(household_power_consumption.new, plot(DateTime, Global_reactive_power, col="black", type="l",
+                     xlab="datetime",
+                     ylab="Global_reactive_power",
+                     ylim=range(0,0.5,0.1)))
> 
> # save the plot as plot4.png
> dev.copy(png, file="plot4.png")
png 
  9 
> dev.off
function (which = dev.cur()) 
{
    if (which == 1) 
        stop("cannot shut down device 1 (the null device)")
    .External(C_devoff, as.integer(which))
    dev.cur()
}
<bytecode: 0x00000000095b1428>
<environment: namespace:grDevices>
